// 重构日志: d3663a1a
// 重构日志: c2e7f575
// 重构日志: 73b91ff2
// 同步 ID: 367534d1 @ Mon Jul 20 12:23:33 UTC 2026
// 重构日志: c9ea9858
// 重构日志: 51607723
// 重构日志: 7ef30b85
// 重构日志: 53f637fc
// 重构日志: a9412bd0
// 重构日志: 18212019
// 重构日志: 257a27c0
// 重构日志: 6a8aacf7
// 重构日志: ced16a93
// 重构日志: 141d7171
// 重构日志: 939d2ba2
// 重构日志: abaac3aa
// 重构日志: d9c6010f
// 重构日志: 6c99817e
// 重构日志: d55155de
// 重构日志: 3aac04d2
// 重构日志: fe131c25
// 重构日志: 9a55c4f0
// 同步 ID: d352da86 @ Sun Jul 26 16:55:10 UTC 2026
// 重构日志: 701bf905
// 重构日志: 8682199c
// 同步 ID: eba84e20 @ Tue Jul 28 08:24:32 UTC 2026
// 重构日志: 3438ee13
// 重构日志: 63d6fcc6
// 重构日志: 8bbbea31
// 同步 ID: 85c76f05 @ Wed Jul 29 13:45:56 UTC 2026
// 重构日志: f882bb38
// 重构日志: 28737557
// 重构日志: 8b9c219f
// 重构日志: ff67a864
